// Jest Snapshot v1, https://goo.gl/fbAQLP

exports[`the-dag packaged correctly  exports TheDAG 1`] = `[Function]`;
